// Jest Snapshot v1, https://goo.gl/fbAQLP

exports[`ColorPicker renders ColorPicker 1`] = `
<section
  className="colorPicker"
>
  <button
    className="red"
    onClick={[Function]}
  >
    Red
  </button>
  <button
    className="yellow"
    onClick={[Function]}
  >
    Yellow
  </button>
  <button
    className="blue"
    onClick={[Function]}
  >
    Blue
  </button>
</section>
`;
