// Jest Snapshot v1, https://goo.gl/fbAQLP

exports[`Dog component renders dog info 1`] = `
<dl>
  <dt>
    Name
  </dt>
  <dd>
    spot
  </dd>
  <dt>
    Age
  </dt>
  <dd>
    4
  </dd>
  <dt>
    Weight
  </dt>
  <dd>
    1
  </dd>
</dl>
`;
